Copyright 1986-2018 Xilinx, Inc. All Rights Reserved.
------------------------------------------------------------------------------------------
| Tool Version : Vivado v.2018.2 (lin64) Build 2258646 Thu Jun 14 20:02:38 MDT 2018
| Date         : Tue Nov  6 16:48:19 2018
| Host         : ece20 running 64-bit Ubuntu 16.04.5 LTS
| Command      : report_control_sets -verbose -file design_top_ec_control_sets_placed.rpt
| Design       : design_top_ec
| Device       : xc7z010
------------------------------------------------------------------------------------------

Control Set Information

Table of Contents
-----------------
1. Summary
2. Histogram
3. Flip-Flop Distribution
4. Detailed Control Set Information

1. Summary
----------

+----------------------------------------------------------+-------+
|                          Status                          | Count |
+----------------------------------------------------------+-------+
| Number of unique control sets                            |    11 |
| Unused register locations in slices containing registers |    18 |
+----------------------------------------------------------+-------+


2. Histogram
------------

+--------+--------------+
| Fanout | Control Sets |
+--------+--------------+
|      2 |            1 |
|      8 |            2 |
|     12 |            1 |
|    16+ |            7 |
+--------+--------------+


3. Flip-Flop Distribution
-------------------------

+--------------+-----------------------+------------------------+-----------------+--------------+
| Clock Enable | Synchronous Set/Reset | Asynchronous Set/Reset | Total Registers | Total Slices |
+--------------+-----------------------+------------------------+-----------------+--------------+
| No           | No                    | No                     |              24 |            6 |
| No           | No                    | Yes                    |               0 |            0 |
| No           | Yes                   | No                     |              64 |            9 |
| Yes          | No                    | No                     |              42 |            5 |
| Yes          | No                    | Yes                    |               0 |            0 |
| Yes          | Yes                   | No                     |              92 |           14 |
+--------------+-----------------------+------------------------+-----------------+--------------+


4. Detailed Control Set Information
-----------------------------------

+----------------+----------------------------------------+------------------------+------------------+----------------+
|  Clock Signal  |              Enable Signal             |    Set/Reset Signal    | Slice Load Count | Bel Load Count |
+----------------+----------------------------------------+------------------------+------------------+----------------+
|  clk_IBUF_BUFG | u5/t_x/tx_sig1_out                     |                        |                1 |              2 |
|  clk_IBUF_BUFG | u4/curr0                               |                        |                1 |              8 |
|  clk_IBUF_BUFG | u5/t_x/FSM_onehot_currstate[3]_i_1_n_0 | u1/dbnc                |                1 |              8 |
|  clk_IBUF_BUFG |                                        | u1/dbnc                |                2 |             12 |
|  clk_IBUF_BUFG | u5/r_x/char[7]_i_1_n_0                 |                        |                2 |             16 |
|  clk_IBUF_BUFG | u5/t_x/chars[7]_i_1_n_0                | u1/dbnc                |                4 |             16 |
|  clk_IBUF_BUFG | u3/E[0]                                |                        |                1 |             16 |
|  clk_IBUF_BUFG | u5/r_x/count[2]_i_1_n_0                | u1/dbnc                |                3 |             22 |
|  clk_IBUF_BUFG |                                        |                        |                6 |             24 |
|  clk_IBUF_BUFG | u1/counter[0]_i_2_n_0                  | u1/counter             |                6 |             46 |
|  clk_IBUF_BUFG |                                        | u3/counter[26]_i_1_n_0 |                7 |             52 |
+----------------+----------------------------------------+------------------------+------------------+----------------+


